version: (200506)

available memory: 64M bytes
used memory: 950272 bytes [need 928K bytes if disable swap]

used block: 60 [memory(60) file(0)]
                 [ 8K(52) 64K(8) { total 928K bytes } ]
overhead: (9540) bytes for (60) blocks [Average: (159) bytes/block]

write  => 0(times) 0K(bytes) [0K bytes to file]
read   => 8(times) 354K(bytes) [52K bytes compressed data from file]
access => 7297590(times) 57107M(bytes)
          [hit ratio: 99.9999%]

time: write(0) read(0)  unit: second

swap file directory: (/home/wwh/github/pfe/verdiLog)
used swap file number: (8)



swap file manager:
arrSize: (256)
idxCnt: (9)
closeHead: (1)
closeTail: (8)
openCnt: (7)
fid(8): fd(1073741829) fileName(/home/wwh/github/pfe/sim/build/fsdb/simv/tb_top_sv.simv.daidir/kdb.elab++/work.lib++/ppe_rob.v.tdc)
	size(34985) lastModTime(1785684689) curModTime(1785684689)
	mode(rb)	hot(0) cool(7) pos(0)
fid(7): fd(1073741828) fileName(/home/wwh/github/pfe/sim/build/fsdb/simv/tb_top_sv.simv.daidir/kdb.elab++/work.lib++/ppe_scheduler.v.tdc)
	size(38444) lastModTime(1785684689) curModTime(1785684689)
	mode(rb)	hot(8) cool(6) pos(0)
fid(6): fd(1073741827) fileName(/home/wwh/github/pfe/sim/build/fsdb/simv/tb_top_sv.simv.daidir/kdb.elab++/work.lib++/ppe_if.sv.tdc)
	size(2990) lastModTime(1785684689) curModTime(1785684689)
	mode(rb)	hot(7) cool(5) pos(0)
fid(5): fd(1073741826) fileName(/home/wwh/github/pfe/sim/build/fsdb/simv/tb_top_sv.simv.daidir/kdb.elab++/work.lib++/ppe_top_sv.v.tdc)
	size(7701) lastModTime(1785684689) curModTime(1785684689)
	mode(rb)	hot(6) cool(4) pos(0)
fid(4): fd(1073741825) fileName(/home/wwh/github/pfe/sim/build/fsdb/simv/tb_top_sv.simv.daidir/kdb.elab++/work.lib++/ppe_ingress.v.tdc)
	size(11644) lastModTime(1785684689) curModTime(1785684689)
	mode(rb)	hot(5) cool(2) pos(0)
fid(3): fd(0) fileName(/home/wwh/github/pfe/sim/build/fsdb/simv/tb_top_sv.simv.daidir/kdb.elab++/work.lib++/uvm_custom_install_verdi_recorder.sv.tdc)
	size(13434) lastModTime(1785684689) curModTime(1785684689)
	mode(rb)	hot(0) cool(0) pos(0)
fid(2): fd(40) fileName(/home/wwh/github/pfe/verdiLog/_swap_0001#701601461#283639)
	size(0) lastModTime(0) curModTime(1785684888)
	mode(w+b)	hot(4) cool(1) pos(0)
fid(1): fd(1073741824) fileName(/home/wwh/github/pfe/sim/build/fsdb/simv/tb_top_sv.simv.daidir/kdb.elab++/work.lib++/tb_top_sv.sv.tdc)
	size(9156) lastModTime(1785684689) curModTime(1785684689)
	mode(rb)	hot(2) cool(0) pos(0)
fid(0): fd(0) fileName(NULL)
	mode(NULL)	hot(0) cool(0) pos(0)
==================================================
mySelf(256984b0) pre(244debe0) next(0)
version(200506)
date(Feb 11 2019 22:10:27)
